Mplus VERSION 9.1
MUTHEN & MUTHEN
07/30/2026  10:12 PM

INPUT INSTRUCTIONS

  TITLE:
    Latent Class Analysis (LCA) for HIV Prevention Behaviors

    Data - (Unavailable) PrEP dataset
    Method - (Unconditional) latent class model
    Reproduces the results reported in Table 4 of the manuscript
    Amorim, Arrais et al (2026)


  DATA:	
     file is PrEPdata.txt;

  VARIABLE:	
     names are pep lubrif testhiv penet condom
       race educ hivrisk age;

     usevariables are pep lubrif testhiv penet condom;
     classes = c (2);
     categorical = pep lubrif testhiv penet condom;

  ANALYSIS:	
     type = mixture;
     STARTS = 1000 100;
     STITERATIONS = 20;

  PLOT:
    type = plot3;
       series = pep lubrif testhiv penet condom(*);

  OUTPUT: tech10 tech11 tech14;



!!!!!!!!!!!!!!!!!!!!!!!!!!!!!!!!!!!!!!!!!!!!!!!!!!!!!!!!!!
!  Selected output excerpts (.out) reproducing Table 4
!!!!!!!!!!!!!!!!!!!!!!!!!!!!!!!!!!!!!!!!!!!!!!!!!!!!!!!!!!

INPUT READING TERMINATED NORMALLY

Latent Class Analysis (LCA) for HIV Prevention Behaviors

Data - (Unavailable) PrEP dataset
Method - (Unconditional) latent class model
Reproduces the results reported in Table 4 of the manuscript
Amorim, Arrais et al (2026)

SUMMARY OF ANALYSIS

Number of groups                                                 1
Number of observations                                         724

Number of dependent variables                                    5
Number of independent variables                                  0
Number of continuous latent variables                            0
Number of categorical latent variables                           1

Observed dependent variables

  Binary and ordered categorical (ordinal)
   PEP         LUBRIF      TESTHIV     PENET       CONDOM

Categorical latent variables
   C


Estimator                                                      MLR
Information matrix                                        OBSERVED
Optimization Specifications for the Quasi-Newton Algorithm for
Continuous Outcomes
  Maximum number of iterations                                 100
  Convergence criterion                                  0.100D-05
Optimization Specifications for the EM Algorithm
  Maximum number of iterations                                 500
  Convergence criteria
    Loglikelihood change                                 0.100D-06
    Relative loglikelihood change                        0.100D-06
    Derivative                                           0.100D-05
Optimization Specifications for the M step of the EM Algorithm for
Categorical Latent Variables
  Number of M step iterations                                    1
  M step convergence criterion                           0.100D-05
  Basis for M step termination                           ITERATION
Optimization Specifications for the M step of the EM Algorithm for
Censored, Binary or Ordered Categorical (Ordinal), Unordered
Categorical (Nominal) and Count Outcomes
  Number of M step iterations                                    1
  M step convergence criterion                           0.100D-05
  Basis for M step termination                           ITERATION
  Maximum value for logit thresholds                            15
  Minimum value for logit thresholds                           -15
  Minimum expected cell size for chi-square              0.100D-01
Optimization algorithm                                         EMA
Random Starts Specifications
  Number of initial stage random starts                       1000
  Number of final stage optimizations                          100
  Number of initial stage iterations                            20
  Initial stage convergence criterion                    0.100D+01
  Random starts scale                                    0.500D+01
  Random seed for generating random starts                       0
Link                                                         LOGIT

Input data file(s)
  PrEPdata.txt
Input data format  FREE


UNIVARIATE PROPORTIONS AND COUNTS FOR CATEGORICAL VARIABLES

    PEP
      Category 1    0.888          643.000
      Category 2    0.112           81.000
    LUBRIF
      Category 1    0.318          230.000
      Category 2    0.682          494.000
    TESTHIV
      Category 1    0.912          660.000
      Category 2    0.088           64.000
    PENET
      Category 1    0.831          602.000
      Category 2    0.169          122.000
    CONDOM
      Category 1    0.601          435.000
      Category 2    0.399          289.000


RANDOM STARTS RESULTS RANKED FROM THE BEST TO THE WORST LOGLIKELIHOOD VALUES

Final stage loglikelihood values at local maxima, seeds, and initial stage start numbers:

           -1723.242  751153           110
           -1723.242  876056           1000
               ....
           -1723.242  781190           219
           -1723.242  642386           662
           -1723.242  172913           557
           -1723.242  53621            483
           -1723.242  314757           345

1 perturbed starting value run(s) did not converge or were rejected in the third stage.


     IN THE OPTIMIZATION, ONE OR MORE LOGIT THRESHOLDS APPROACHED EXTREME VALUES
     OF -15.000 AND 15.000 AND WERE FIXED TO STABILIZE MODEL ESTIMATION.  THESE
     VALUES IMPLY PROBABILITIES OF 0 AND 1.  IN THE MODEL RESULTS SECTION, THESE
     PARAMETERS HAVE 0 STANDARD ERRORS AND 999 IN THE Z-SCORE AND P-VALUE COLUMNS.

THE BEST LOGLIKELIHOOD VALUE HAS BEEN REPLICATED.  RERUN WITH AT LEAST TWICE THE
RANDOM STARTS TO CHECK THAT THE BEST LOGLIKELIHOOD IS STILL OBTAINED AND REPLICATED.


THE MODEL ESTIMATION TERMINATED NORMALLY

MODEL FIT INFORMATION

Number of Free Parameters                       11

Loglikelihood

          H0 Value                       -1723.242
          H0 Scaling Correction Factor      1.0187
            for MLR

Information Criteria

          Akaike (AIC)                    3468.484
          Bayesian (BIC)                  3518.916
          Sample-Size Adjusted BIC        3483.988
            (n* = (n + 2) / 24)

Chi-Square Test of Model Fit for the Binary and Ordered Categorical
(Ordinal) Outcomes

          Pearson Chi-Square

          Value                             26.093
          Degrees of Freedom                    20
          P-Value                           0.1628

          Likelihood Ratio Chi-Square

          Value                             24.442
          Degrees of Freedom                    20
          P-Value                           0.2236



FINAL CLASS COUNTS AND PROPORTIONS FOR THE LATENT CLASSES
BASED ON THE ESTIMATED MODEL

    Latent
   Classes

       1        157.67589          0.21778
       2        566.32411          0.78222


FINAL CLASS COUNTS AND PROPORTIONS FOR THE LATENT CLASSES
BASED ON ESTIMATED POSTERIOR PROBABILITIES

    Latent
   Classes

       1        157.67589          0.21778
       2        566.32411          0.78222


FINAL CLASS COUNTS AND PROPORTIONS FOR THE LATENT CLASSES
BASED ON THEIR MOST LIKELY LATENT CLASS MEMBERSHIP

Class Counts and Proportions

    Latent
   Classes

       1              137          0.18923
       2              587          0.81077


CLASSIFICATION QUALITY

     Entropy                         0.541


Average Latent Class Probabilities for Most Likely Latent Class Membership (Row)
by Latent Class (Column)

           1        2

    1   0.674    0.326
    2   0.111    0.889


Classification Probabilities for the Most Likely Latent Class Membership (Column)
by Latent Class (Row)

           1        2

    1   0.586    0.414
    2   0.079    0.921


Logits for the Classification Probabilities for the Most Likely Latent Class Membership (Column)
by Latent Class (Row)

              1        2

    1      0.347    0.000
    2     -2.459    0.000


MODEL RESULTS

                                                    Two-Tailed
                    Estimate       S.E.  Est./S.E.    P-Value

Latent Class 1

 Thresholds
    PEP$1              2.008      0.424      4.739      0.000
    LUBRIF$1           0.604      0.725      0.833      0.405
    TESTHIV$1         15.000      0.000    999.000    999.000
    PENET$1            2.352      0.561      4.190      0.000
    CONDOM$1          15.000      0.000    999.000    999.000

Latent Class 2

 Thresholds
    PEP$1              2.090      0.166     12.599      0.000
    LUBRIF$1          -1.230      0.139     -8.880      0.000
    TESTHIV$1          2.060      0.166     12.389      0.000
    PENET$1            1.442      0.153      9.432      0.000
    CONDOM$1          -0.041      0.210     -0.197      0.844

Categorical Latent Variables

 Means
    C#1               -1.279      0.444     -2.880      0.004


QUALITY OF NUMERICAL RESULTS

     Condition Number for the Information Matrix              0.722E-02
       (ratio of smallest to largest eigenvalue)


LATENT CLASS INDICATOR MEANS AND PROBABILITIES FOR EACH LATENT CLASS

     MEAN/PROBABILITY PROFILES FOR C
                   Latent class
                     1      2
     PEP
       Category 1  0.882  0.890
       Category 2  0.118  0.110
     LUBRIF
       Category 1  0.647  0.226
       Category 2  0.353  0.774
     TESTHIV
       Category 1  1.000  0.887
       Category 2  0.000  0.113
     PENET
       Category 1  0.913  0.809
       Category 2  0.087  0.191
     CONDOM
       Category 1  1.000  0.490
       Category 2  0.000  0.510


RESULTS IN PROBABILITY SCALE

                                                    Two-Tailed
                    Estimate       S.E.  Est./S.E.    P-Value

Latent Class 1

 PEP
    Category 1         0.882      0.044     19.941      0.000
    Category 2         0.118      0.044      2.677      0.007
 LUBRIF
    Category 1         0.647      0.166      3.904      0.000
    Category 2         0.353      0.166      2.135      0.033
 TESTHIV
    Category 1         1.000      0.000      0.000      1.000
    Category 2         0.000      0.000      0.000      1.000
 PENET
    Category 1         0.913      0.045     20.496      0.000
    Category 2         0.087      0.045      1.951      0.051
 CONDOM
    Category 1         1.000      0.000      0.000      1.000
    Category 2         0.000      0.000      0.000      1.000

Latent Class 2

 PEP
    Category 1         0.890      0.016     54.767      0.000
    Category 2         0.110      0.016      6.774      0.000
 LUBRIF
    Category 1         0.226      0.024      9.327      0.000
    Category 2         0.774      0.024     31.920      0.000
 TESTHIV
    Category 1         0.887      0.017     53.207      0.000
    Category 2         0.113      0.017      6.779      0.000
 PENET
    Category 1         0.809      0.024     34.204      0.000
    Category 2         0.191      0.024      8.087      0.000
 CONDOM
    Category 1         0.490      0.052      9.342      0.000
    Category 2         0.510      0.052      9.735      0.000


EQUALITY TESTS OF PROBABILITIES ACROSS THE LATENT CLASSES

                    Chi-Square     P-Value   Degrees of Freedom


PEP
  Overall test          0.024      0.876        1

LUBRIF
  Overall test          5.521      0.019        1

TESTHIV
  Overall test       6053.549      0.000        1

PENET
  Overall test          1.945      0.163        1

CONDOM
  Overall test       5141.388      0.000        1


TECHNICAL 10 OUTPUT


     MODEL FIT INFORMATION FOR THE LATENT CLASS INDICATOR MODEL PART


     RESPONSE PATTERNS

     No.  Pattern    No.  Pattern    No.  Pattern    No.  Pattern
       1  11010        2  00000        3  00011        4  11000
       5  00001        6  01000        7  01001        8  10011
       9  01101       10  10000       11  01010       12  01011
      13  11011       14  10001       15  01110       16  00101
      17  11001       18  00110       19  01111       20  00010
      21  10010       22  01100       23  10101       24  11101
      25  00100       26  10100       27  11100       28  10110



     RESPONSE PATTERN FREQUENCIES AND CHI-SQUARE CONTRIBUTIONS

    Response          Frequency     Standardized  Chi-square Contribution
     Pattern    Observed  Estimated   Residual    Pearson   Loglikelihood  Deleted
                                     (z-score)
         1         6.00       4.58       0.67       0.44         3.24
         2       121.00     122.10      -0.11       0.01        -2.18
         3        11.00       9.86       0.36       0.13         2.40
         4        19.00      22.97      -0.84       0.69        -7.21
         5        43.00      41.72       0.20       0.04         2.60
         6       189.00     181.88       0.61       0.28        14.52
         7       144.00     142.78       0.11       0.01         2.45
         8         3.00       1.22       1.61       2.60         5.40
         9        16.00      18.19      -0.52       0.26        -4.11
        10        16.00      15.97       0.01       0.00         0.06
        11        29.00      36.67      -1.30       1.60       -13.60
        12        31.00      33.76      -0.49       0.23        -5.28
        13         6.00       4.18       0.90       0.80         4.35
        14         2.00       5.16      -1.40       1.94        -3.79
        15         7.00       4.13       1.42       2.00         7.40
        16         5.00       5.32      -0.14       0.02        -0.61
        17        19.00      17.66       0.32       0.10         2.78
        18         1.00       1.21      -0.19       0.04        -0.37
        19         6.00       4.30       0.82       0.67         3.99
        20        17.00      17.28      -0.07       0.00        -0.55
        21         4.00       2.22       1.20       1.43         4.71
        22        20.00      17.46       0.62       0.37         5.44
        23         2.00       0.66       1.66       2.74         4.45
        24         1.00       2.25      -0.83       0.69        -1.62
        25         3.00       5.10      -0.93       0.87        -3.18
        26         1.00       0.63       0.46       0.22         0.92
        27         1.00       2.16      -0.79       0.62        -1.54
        28         1.00       0.15       2.20       4.85         3.81

     THE TOTAL PEARSON CHI-SQUARE CONTRIBUTION FROM EMPTY CELLS IS         2.45


     MOST FREQUENT RESPONSE PATTERNS AND CHI-SQUARE CONTRIBUTIONS

    Response          Frequency     Standardized  Chi-square Contribution
     Pattern    Observed  Estimated   Residual    Pearson   Loglikelihood
                                     (z-score)
         6       189.00     181.88       0.61       0.28        14.52
         7       144.00     142.78       0.11       0.01         2.45
         2       121.00     122.10      -0.11       0.01        -2.18
         5        43.00      41.72       0.20       0.04         2.60
        12        31.00      33.76      -0.49       0.23        -5.28
        11        29.00      36.67      -1.30       1.60       -13.60
        22        20.00      17.46       0.62       0.37         5.44
         4        19.00      22.97      -0.84       0.69        -7.21
        17        19.00      17.66       0.32       0.10         2.78
        20        17.00      17.28      -0.07       0.00        -0.55
         9        16.00      18.19      -0.52       0.26        -4.11
        10        16.00      15.97       0.01       0.00         0.06
         3        11.00       9.86       0.36       0.13         2.40
        15         7.00       4.13       1.42       2.00         7.40
        19         6.00       4.30       0.82       0.67         3.99
        13         6.00       4.18       0.90       0.80         4.35
         1         6.00       4.58       0.67       0.44         3.24
        16         5.00       5.32      -0.14       0.02        -0.61
        21         4.00       2.22       1.20       1.43         4.71
         8         3.00       1.22       1.61       2.60         5.40
     Number of Significant Standardized Residuals     0


     UNIVARIATE MODEL FIT INFORMATION

                               Estimated Probabilities
                                                  Standardized
     Variable              H1           H0          Residual
                                                   (z-score)
     PEP
       Category 1        0.888        0.888           0.000
       Category 2        0.112        0.112           0.000
       Univariate Pearson Chi-Square                  0.000
       Univariate Log-Likelihood Chi-Square           0.000
       Number of Significant Standardized Residuals   0
     LUBRIF
       Category 1        0.318        0.318           0.000
       Category 2        0.682        0.682           0.000
       Univariate Pearson Chi-Square                  0.000
       Univariate Log-Likelihood Chi-Square           0.000
       Number of Significant Standardized Residuals   0
     TESTHIV
       Category 1        0.912        0.912           0.000
       Category 2        0.088        0.088           0.000
       Univariate Pearson Chi-Square                  0.000
       Univariate Log-Likelihood Chi-Square           0.000
       Number of Significant Standardized Residuals   0
     PENET
       Category 1        0.831        0.831           0.000
       Category 2        0.169        0.169           0.000
       Univariate Pearson Chi-Square                  0.000
       Univariate Log-Likelihood Chi-Square           0.000
       Number of Significant Standardized Residuals   0
     CONDOM
       Category 1        0.601        0.601           0.000
       Category 2        0.399        0.399           0.000
       Univariate Pearson Chi-Square                  0.000
       Univariate Log-Likelihood Chi-Square           0.000
       Number of Significant Standardized Residuals   0

       Overall Univariate Pearson Chi-Square                         0.000
       Overall Univariate Log-Likelihood Chi-Square                  0.000
       Overall Number of Significant Standardized Residuals          0


     BIVARIATE MODEL FIT INFORMATION

                                              Estimated Probabilities
                                                                 Standardized
     Variable       Variable              H1           H0          Residual
                                                                  (z-score)
     PEP            LUBRIF
       Category 1     Category 1        0.278        0.282          -0.235
       Category 1     Category 2        0.610        0.607           0.216
       Category 2     Category 1        0.040        0.036           0.565
       Category 2     Category 2        0.072        0.076          -0.399
       Bivariate Pearson Chi-Square                                  0.513
       Bivariate Log-Likelihood Chi-Square                           0.505
       Number of Significant Standardized Residuals                  0
     PEP            TESTHIV
       Category 1     Category 1        0.808        0.809          -0.099
       Category 1     Category 2        0.080        0.079           0.144
       Category 2     Category 1        0.104        0.102           0.128
       Category 2     Category 2        0.008        0.010          -0.396
       Bivariate Pearson Chi-Square                                  0.191
       Bivariate Log-Likelihood Chi-Square                           0.199
       Number of Significant Standardized Residuals                  0
     PEP            PENET
       Category 1     Category 1        0.747        0.738           0.546
       Category 1     Category 2        0.141        0.150          -0.672
       Category 2     Category 1        0.084        0.093          -0.826
       Category 2     Category 2        0.028        0.019           1.771
       Bivariate Pearson Chi-Square                                  4.159
       Bivariate Log-Likelihood Chi-Square                           3.790
       Number of Significant Standardized Residuals                  0
     PEP            CONDOM
       Category 1     Category 1        0.535        0.533           0.089
       Category 1     Category 2        0.354        0.355          -0.092
       Category 2     Category 1        0.066        0.068          -0.175
       Category 2     Category 2        0.046        0.044           0.215
       Bivariate Pearson Chi-Square                                  0.082
       Bivariate Log-Likelihood Chi-Square                           0.082
       Number of Significant Standardized Residuals                  0
     LUBRIF         TESTHIV
       Category 1     Category 1        0.300        0.298           0.120
       Category 1     Category 2        0.018        0.020          -0.391
       Category 2     Category 1        0.612        0.614          -0.112
       Category 2     Category 2        0.070        0.068           0.217
       Bivariate Pearson Chi-Square                                  0.208
       Bivariate Log-Likelihood Chi-Square                           0.213
       Number of Significant Standardized Residuals                  0
     LUBRIF         PENET
       Category 1     Category 1        0.267        0.272          -0.305
       Category 1     Category 2        0.051        0.046           0.647
       Category 2     Category 1        0.565        0.560           0.273
       Category 2     Category 2        0.117        0.122          -0.414
       Bivariate Pearson Chi-Square                                  0.651
       Bivariate Log-Likelihood Chi-Square                           0.639
       Number of Significant Standardized Residuals                  0
     LUBRIF         CONDOM
       Category 1     Category 1        0.227        0.227          -0.058
       Category 1     Category 2        0.091        0.090           0.084
       Category 2     Category 1        0.374        0.373           0.050
       Category 2     Category 2        0.308        0.309          -0.052
       Bivariate Pearson Chi-Square                                  0.012
       Bivariate Log-Likelihood Chi-Square                           0.012
       Number of Significant Standardized Residuals                  0
     TESTHIV        PENET
       Category 1     Category 1        0.764        0.760           0.240
       Category 1     Category 2        0.148        0.152          -0.286
       Category 2     Category 1        0.068        0.071          -0.398
       Category 2     Category 2        0.021        0.017           0.796
       Bivariate Pearson Chi-Square                                  0.854
       Bivariate Log-Likelihood Chi-Square                           0.815
       Number of Significant Standardized Residuals                  0
     TESTHIV        CONDOM
       Category 1     Category 1        0.554        0.558          -0.199
       Category 1     Category 2        0.358        0.354           0.207
       Category 2     Category 1        0.047        0.043           0.486
       Category 2     Category 2        0.041        0.045          -0.476
       Bivariate Pearson Chi-Square                                  0.487
       Bivariate Log-Likelihood Chi-Square                           0.487
       Number of Significant Standardized Residuals                  0
     PENET          CONDOM
       Category 1     Category 1        0.511        0.509           0.129
       Category 1     Category 2        0.320        0.323          -0.138
       Category 2     Category 1        0.090        0.092          -0.223
       Category 2     Category 2        0.079        0.076           0.243
       Bivariate Pearson Chi-Square                                  0.121
       Bivariate Log-Likelihood Chi-Square                           0.121
       Number of Significant Standardized Residuals                  0

       Overall Bivariate Pearson Chi-Square                          7.279
       Overall Bivariate Log-Likelihood Chi-Square                   6.864
       Overall Number of Significant Standardized Residuals          0


TECHNICAL 11 OUTPUT

     Random Starts Specifications for the k-1 Class Analysis Model
        Number of initial stage random starts                1000
        Number of final stage optimizations                   100

     VUONG-LO-MENDELL-RUBIN LIKELIHOOD RATIO TEST FOR 1 (H0) VERSUS 2 CLASSES

          H0 Loglikelihood Value                        -1737.987
          2 Times the Loglikelihood Difference             29.491
          Difference in the Number of Parameters                6
          Mean                                              4.961
          Standard Deviation                                4.543
          P-Value                                          0.0022

     LO-MENDELL-RUBIN ADJUSTED LRT TEST

          Value                                            28.763
          P-Value                                          0.0026


TECHNICAL 14 OUTPUT

     Random Starts Specifications for the k-1 Class Analysis Model
        Number of initial stage random starts                1000
        Number of final stage optimizations                   100

     Random Starts Specification for the k-1 Class Model for Generated Data
        Number of initial stage random starts                   0
        Number of final stage optimizations for the
           initial stage random starts                          0
     Random Starts Specification for the k Class Model for Generated Data
        Number of initial stage random starts                  40
        Number of final stage optimizations                     8
     Number of bootstrap draws requested                   Varies


     PARAMETRIC BOOTSTRAPPED LIKELIHOOD RATIO TEST FOR 1 (H0) VERSUS 2 CLASSES

          H0 Loglikelihood Value                        -1737.987
          2 Times the Loglikelihood Difference             29.491
          Difference in the Number of Parameters                6
          Approximate P-Value                              0.0000
          Successful Bootstrap Draws                           20


PLOT INFORMATION

The following plots are available:

  Histograms (sample values)
  Scatterplots (sample values)
  Sample proportions and estimated probabilities

DIAGRAM INFORMATION

  Mplus diagrams are currently not available for Mixture analysis.
  No diagram output was produced.


     Beginning Time:  22:12:30
        Ending Time:  22:12:32
       Elapsed Time:  00:00:02



MUTHEN & MUTHEN
3463 Stoner Ave.
Los Angeles, CA  90066

Tel: (310) 391-9971
Fax: (310) 391-8971
Web: www.StatModel.com
Support: Support@StatModel.com

Copyright (c) 1998-2026 Muthen & Muthen
