Mplus VERSION 9.1
MUTHEN & MUTHEN
07/31/2026   8:26 PM

INPUT INSTRUCTIONS

  TITLE:
    Latent Class Analysis (LCA) for HIV Prevention Behaviors
    Data- Simulated PrEP dataset
    (designed to resemble the characteristics of the original data)
    Analysis - Unconditional latent class model
    Note -    The simulated dataset approximates the structure
    and characteristics of the original data but does not
    reproduce the original observations. Consequently,
    parameter estimates and fit statistics will differ
    from those reported in the manuscript.


  DATA:	
     file is dataPREP-sim-v0.dat;

  VARIABLE:	
       names are pep lubrif testhiv	penet
         condom classe;
     usevariables are pep lubrif testhiv	penet condom;
     classes = c (2);
     categorical = pep lubrif testhiv	penet condom;

  ANALYSIS:	
     type = mixture;
     STARTS = 1000 100;
     STITERATIONS = 20;

  PLOT:
    type = plot3;
       series = pep lubrif testhiv penet condom(*);

  OUTPUT: tech10 tech11 tech14;




INPUT READING TERMINATED NORMALLY




Latent Class Analysis (LCA) for HIV Prevention Behaviors
Data- Simulated PrEP dataset
(designed to resemble the characteristics of the original data)
Analysis - Unconditional latent class model
Note -    The simulated dataset approximates the structure
and characteristics of the original data but does not
reproduce the original observations. Consequently,
parameter estimates and fit statistics will differ
from those reported in the manuscript.

SUMMARY OF ANALYSIS

Number of groups                                                 1
Number of observations                                         724

Number of dependent variables                                    5
Number of independent variables                                  0
Number of continuous latent variables                            0
Number of categorical latent variables                           1

Observed dependent variables

  Binary and ordered categorical (ordinal)
   PEP         LUBRIF      TESTHIV     PENET       CONDOM

Categorical latent variables
   C


Estimator                                                      MLR
Information matrix                                        OBSERVED
Optimization Specifications for the Quasi-Newton Algorithm for
Continuous Outcomes
  Maximum number of iterations                                 100
  Convergence criterion                                  0.100D-05
Optimization Specifications for the EM Algorithm
  Maximum number of iterations                                 500
  Convergence criteria
    Loglikelihood change                                 0.100D-06
    Relative loglikelihood change                        0.100D-06
    Derivative                                           0.100D-05
Optimization Specifications for the M step of the EM Algorithm for
Categorical Latent Variables
  Number of M step iterations                                    1
  M step convergence criterion                           0.100D-05
  Basis for M step termination                           ITERATION
Optimization Specifications for the M step of the EM Algorithm for
Censored, Binary or Ordered Categorical (Ordinal), Unordered
Categorical (Nominal) and Count Outcomes
  Number of M step iterations                                    1
  M step convergence criterion                           0.100D-05
  Basis for M step termination                           ITERATION
  Maximum value for logit thresholds                            15
  Minimum value for logit thresholds                           -15
  Minimum expected cell size for chi-square              0.100D-01
Optimization algorithm                                         EMA
Random Starts Specifications
  Number of initial stage random starts                       1000
  Number of final stage optimizations                          100
  Number of initial stage iterations                            20
  Initial stage convergence criterion                    0.100D+01
  Random starts scale                                    0.500D+01
  Random seed for generating random starts                       0
Link                                                         LOGIT

Input data file(s)
  dataPREP-sim-v0.dat
Input data format  FREE


UNIVARIATE PROPORTIONS AND COUNTS FOR CATEGORICAL VARIABLES

    PEP
      Category 1    0.910          659.000
      Category 2    0.090           65.000
    LUBRIF
      Category 1    0.457          331.000
      Category 2    0.543          393.000
    TESTHIV
      Category 1    0.963          697.000
      Category 2    0.037           27.000
    PENET
      Category 1    0.856          620.000
      Category 2    0.144          104.000
    CONDOM
      Category 1    0.743          538.000
      Category 2    0.257          186.000


RANDOM STARTS RESULTS RANKED FROM THE BEST TO THE WORST LOGLIKELIHOOD VALUES

Final stage loglikelihood values at local maxima, seeds, and initial stage start numbers:

           -1498.061  520865           763
           -1498.061  210870           383
           -1498.061  595153           230
           -1498.061  636396           168
           -1498.061  963053           43
           -1498.061  991329           182
           -1498.061  700270           855
           -1498.061  705224           953
           -1498.061  987560           985
           -1498.061  761302           744
           -1498.061  58507            793
           -1498.061  279850           555
           -1498.061  35191            703
           -1498.061  323588           826
           -1498.061  682718           733
           -1498.061  127215           9
           -1498.061  94573            983
           -1498.061  17896            592
           -1498.061  471398           74
           -1498.061  4091             548
           -1498.061  631413           439
           -1498.061  581196           921
           -1498.061  507154           387
           -1498.061  914505           838
           -1498.061  462821           745
           -1498.061  91231            727
           -1498.061  644297           340
           -1498.061  835767           210
           -1498.061  603842           61
           -1498.061  80438            246
           -1498.061  462953           7
           -1498.061  168888           817
           -1498.061  329127           185
           -1498.061  622860           259
           -1498.061  402699           604
           -1498.061  1548             384
           -1498.061  930872           277
           -1498.061  679448           937
           -1498.061  471438           252
           -1498.061  608496           4
           -1498.061  777045           377
           -1498.061  113138           585
           -1498.061  63231            935
           -1498.061  14262            781
           -1498.061  85462            51
           -1498.061  694303           282
           -1498.061  46437            153
           -1498.061  84013            598
           -1498.061  148918           682
           -1498.061  301717           823
           -1498.061  425149           878
           -1498.061  824956           607
           -1498.061  12477            155
           -1498.061  119513           821
           -1498.061  848331           137
           -1498.061  263221           447
           -1498.061  860772           174
           -1498.061  970689           266
           -1498.061  478421           311
           -1498.061  752148           822
           -1498.061  851945           18
           -1498.061  793035           187
           -1498.061  791285           416
           -1498.061  456213           160
           -1498.061  947714           573
           -1498.061  496703           758
           -1498.061  821011           161
           -1498.061  506113           895
           -1498.061  96617            955
           -1498.061  120506           45
           -1498.061  539389           544
           -1498.061  467339           66
           -1498.061  435506           988
           -1498.061  98068            998
           -1498.061  875667           367
           -1498.061  913639           162
           -1498.061  326091           759
           -1498.061  165853           105
           -1498.061  371737           532
           -1498.061  939021           8
           -1498.061  36714            201
           -1498.061  863094           147
           -1498.061  207917           976
           -1498.061  641794           591
           -1498.061  494149           815
           -1498.061  848163           47
           -1498.061  891531           206
           -1498.061  801717           364
           -1498.061  972430           491
           -1498.061  700349           401
           -1498.061  85734            411
           -1498.061  354208           196
           -1498.061  127362           757
           -1498.061  286735           175
           -1498.061  136842           58
           -1498.061  685657           69
           -1498.061  662718           460
           -1498.061  241299           912
           -1498.061  224151           973
           -1498.061  618760           489


     IN THE OPTIMIZATION, ONE OR MORE LOGIT THRESHOLDS APPROACHED EXTREME VALUES
     OF -15.000 AND 15.000 AND WERE FIXED TO STABILIZE MODEL ESTIMATION.  THESE
     VALUES IMPLY PROBABILITIES OF 0 AND 1.  IN THE MODEL RESULTS SECTION, THESE
     PARAMETERS HAVE 0 STANDARD ERRORS AND 999 IN THE Z-SCORE AND P-VALUE COLUMNS.

THE BEST LOGLIKELIHOOD VALUE HAS BEEN REPLICATED.  RERUN WITH AT LEAST TWICE THE
RANDOM STARTS TO CHECK THAT THE BEST LOGLIKELIHOOD IS STILL OBTAINED AND REPLICATED.




THE MODEL ESTIMATION TERMINATED NORMALLY



MODEL FIT INFORMATION

Number of Free Parameters                       11

Loglikelihood

          H0 Value                       -1498.061
          H0 Scaling Correction Factor      1.0266
            for MLR

Information Criteria

          Akaike (AIC)                    3018.121
          Bayesian (BIC)                  3068.554
          Sample-Size Adjusted BIC        3033.626
            (n* = (n + 2) / 24)

Chi-Square Test of Model Fit for the Binary and Ordered Categorical
(Ordinal) Outcomes

          Pearson Chi-Square

          Value                             19.269
          Degrees of Freedom                    20
          P-Value                           0.5044

          Likelihood Ratio Chi-Square

          Value                             18.043
          Degrees of Freedom                    20
          P-Value                           0.5846



FINAL CLASS COUNTS AND PROPORTIONS FOR THE LATENT CLASSES
BASED ON THE ESTIMATED MODEL

    Latent
   Classes

       1        282.36904          0.39001
       2        441.63096          0.60999


FINAL CLASS COUNTS AND PROPORTIONS FOR THE LATENT CLASSES
BASED ON ESTIMATED POSTERIOR PROBABILITIES

    Latent
   Classes

       1        282.36904          0.39001
       2        441.63096          0.60999


FINAL CLASS COUNTS AND PROPORTIONS FOR THE LATENT CLASSES
BASED ON THEIR MOST LIKELY LATENT CLASS MEMBERSHIP

Class Counts and Proportions

    Latent
   Classes

       1              195          0.26934
       2              529          0.73066


CLASSIFICATION QUALITY

     Entropy                         0.571


Average Latent Class Probabilities for Most Likely Latent Class Membership (Row)
by Latent Class (Column)

           1        2

    1   0.991    0.009
    2   0.169    0.831


Classification Probabilities for the Most Likely Latent Class Membership (Column)
by Latent Class (Row)

           1        2

    1   0.684    0.316
    2   0.004    0.996


Logits for the Classification Probabilities for the Most Likely Latent Class Membership (Column)
by Latent Class (Row)

              1        2

    1      0.774    0.000
    2     -5.511    0.000


MODEL RESULTS

                                                    Two-Tailed
                    Estimate       S.E.  Est./S.E.    P-Value

Latent Class 1

 Thresholds
    PEP$1              2.472      0.287      8.598      0.000
    LUBRIF$1          -1.379      0.187     -7.357      0.000
    TESTHIV$1          2.369      0.268      8.831      0.000
    PENET$1            1.494      0.189      7.923      0.000
    CONDOM$1          -0.658      0.734     -0.896      0.370

Latent Class 2

 Thresholds
    PEP$1              2.226      0.180     12.352      0.000
    LUBRIF$1           0.493      0.287      1.716      0.086
    TESTHIV$1          5.042      1.559      3.234      0.001
    PENET$1            2.009      0.227      8.855      0.000
    CONDOM$1          15.000      0.000    999.000    999.000

Categorical Latent Variables

 Means
    C#1               -0.447      0.411     -1.088      0.277


QUALITY OF NUMERICAL RESULTS

     Condition Number for the Information Matrix              0.313E-02
       (ratio of smallest to largest eigenvalue)


LATENT CLASS INDICATOR MEANS AND PROBABILITIES FOR EACH LATENT CLASS

     MEAN/PROBABILITY PROFILES FOR C
                   Latent class
                     1      2
     PEP
       Category 1  0.922  0.903
       Category 2  0.078  0.097
     LUBRIF
       Category 1  0.201  0.621
       Category 2  0.799  0.379
     TESTHIV
       Category 1  0.914  0.994
       Category 2  0.086  0.006
     PENET
       Category 1  0.817  0.882
       Category 2  0.183  0.118
     CONDOM
       Category 1  0.341  1.000
       Category 2  0.659  0.000


RESULTS IN PROBABILITY SCALE

                                                    Two-Tailed
                    Estimate       S.E.  Est./S.E.    P-Value

Latent Class 1

 PEP
    Category 1         0.922      0.021     44.680      0.000
    Category 2         0.078      0.021      3.772      0.000
 LUBRIF
    Category 1         0.201      0.030      6.677      0.000
    Category 2         0.799      0.030     26.522      0.000
 TESTHIV
    Category 1         0.914      0.021     43.562      0.000
    Category 2         0.086      0.021      4.077      0.000
 PENET
    Category 1         0.817      0.028     28.926      0.000
    Category 2         0.183      0.028      6.495      0.000
 CONDOM
    Category 1         0.341      0.165      2.069      0.039
    Category 2         0.659      0.165      3.993      0.000

Latent Class 2

 PEP
    Category 1         0.903      0.016     56.956      0.000
    Category 2         0.097      0.016      6.147      0.000
 LUBRIF
    Category 1         0.621      0.068      9.177      0.000
    Category 2         0.379      0.068      5.603      0.000
 TESTHIV
    Category 1         0.994      0.010     99.893      0.000
    Category 2         0.006      0.010      0.646      0.519
 PENET
    Category 1         0.882      0.024     37.272      0.000
    Category 2         0.118      0.024      4.998      0.000
 CONDOM
    Category 1         1.000      0.000      0.000      1.000
    Category 2         0.000      0.000      0.000      1.000


EQUALITY TESTS OF PROBABILITIES ACROSS THE LATENT CLASSES

                    Chi-Square     P-Value   Degrees of Freedom


PEP
  Overall test          0.422      0.516        1

LUBRIF
  Overall test         32.445      0.000        1

TESTHIV
  Overall test          2.900      0.089        1

PENET
  Overall test          2.211      0.137        1

CONDOM
  Overall test        455.196      0.000        1


LATENT CLASS INDICATOR ODDS RATIOS FOR THE LATENT CLASSES

                                                95% C.I.
                    Estimate       S.E.  Lower 2.5% Upper 2.5%

Latent Class 1 Compared to Latent Class 2

 PEP
    Category > 1       0.782      0.296      0.373      1.641
 LUBRIF
    Category > 1       6.505      2.139      3.415     12.391
 TESTHIV
    Category > 1      14.482     22.729      0.668    313.918
 PENET
    Category > 1       1.674      0.580      0.849      3.303
 CONDOM
    Category > 1   *********      0.000  *********  *********


TECHNICAL 10 OUTPUT


     MODEL FIT INFORMATION FOR THE LATENT CLASS INDICATOR MODEL PART


     RESPONSE PATTERNS

     No.  Pattern    No.  Pattern    No.  Pattern    No.  Pattern
       1  00010        2  00011        3  11000        4  01100
       5  01001        6  00000        7  01000        8  00001
       9  10000       10  00110       11  01010       12  11010
      13  11001       14  01110       15  00101       16  01011
      17  10010       18  01101       19  00100       20  11011
      21  10001       22  01111


     RESPONSE PATTERN FREQUENCIES AND CHI-SQUARE CONTRIBUTIONS

    Response          Frequency     Standardized  Chi-square Contribution
     Pattern    Observed  Estimated   Residual    Pearson   Loglikelihood  Deleted
                                     (z-score)
         1        30.00      32.08      -0.37       0.13        -4.01
         2         7.00       5.78       0.51       0.26         2.67
         3        18.00      18.76      -0.18       0.03        -1.49
         4         6.00       5.82       0.08       0.01         0.37
         5       104.00     102.32       0.18       0.03         3.39
         6       234.00     230.18       0.31       0.06         7.71
         7       184.00     185.40      -0.12       0.01        -2.80
         8        24.00      25.76      -0.35       0.12        -3.40
         9        23.00      24.53      -0.31       0.10        -2.96
        10         2.00       0.47       2.24       5.01         5.81
        11        28.00      29.66      -0.31       0.09        -3.22
        12         7.00       2.92       2.39       5.70        12.24
        13         8.00       8.64      -0.22       0.05        -1.23
        14         1.00       1.23      -0.21       0.04        -0.41
        15         4.00       2.41       1.03       1.05         4.05
        16        21.00      22.98      -0.42       0.17        -3.78
        17         3.00       3.39      -0.21       0.05        -0.74
        18        11.00       9.58       0.46       0.21         3.05
        19         2.00       2.65      -0.40       0.16        -1.13
        20         4.00       1.94       1.48       2.19         5.79
        21         2.00       2.17      -0.12       0.01        -0.34
        22         1.00       2.15      -0.79       0.62        -1.53

     THE TOTAL PEARSON CHI-SQUARE CONTRIBUTION FROM EMPTY CELLS IS         3.19


     MOST FREQUENT RESPONSE PATTERNS AND CHI-SQUARE CONTRIBUTIONS

    Response          Frequency     Standardized  Chi-square Contribution
     Pattern    Observed  Estimated   Residual    Pearson   Loglikelihood
                                     (z-score)
         6       234.00     230.18       0.31       0.06         7.71
         7       184.00     185.40      -0.12       0.01        -2.80
         5       104.00     102.32       0.18       0.03         3.39
         1        30.00      32.08      -0.37       0.13        -4.01
        11        28.00      29.66      -0.31       0.09        -3.22
         8        24.00      25.76      -0.35       0.12        -3.40
         9        23.00      24.53      -0.31       0.10        -2.96
        16        21.00      22.98      -0.42       0.17        -3.78
         3        18.00      18.76      -0.18       0.03        -1.49
        18        11.00       9.58       0.46       0.21         3.05
        13         8.00       8.64      -0.22       0.05        -1.23
         2         7.00       5.78       0.51       0.26         2.67
        12         7.00       2.92       2.39       5.70        12.24
         4         6.00       5.82       0.08       0.01         0.37
        20         4.00       1.94       1.48       2.19         5.79
        15         4.00       2.41       1.03       1.05         4.05
        17         3.00       3.39      -0.21       0.05        -0.74
        21         2.00       2.17      -0.12       0.01        -0.34
        19         2.00       2.65      -0.40       0.16        -1.13
        10         2.00       0.47       2.24       5.01         5.81
     Number of Significant Standardized Residuals     2


     UNIVARIATE MODEL FIT INFORMATION

                               Estimated Probabilities
                                                  Standardized
     Variable              H1           H0          Residual
                                                   (z-score)
     PEP
       Category 1        0.910        0.910           0.000
       Category 2        0.090        0.090           0.000
       Univariate Pearson Chi-Square                  0.000
       Univariate Log-Likelihood Chi-Square           0.000
       Number of Significant Standardized Residuals   0
     LUBRIF
       Category 1        0.457        0.457           0.000
       Category 2        0.543        0.543           0.000
       Univariate Pearson Chi-Square                  0.000
       Univariate Log-Likelihood Chi-Square           0.000
       Number of Significant Standardized Residuals   0
     TESTHIV
       Category 1        0.963        0.963           0.000
       Category 2        0.037        0.037           0.000
       Univariate Pearson Chi-Square                  0.000
       Univariate Log-Likelihood Chi-Square           0.000
       Number of Significant Standardized Residuals   0
     PENET
       Category 1        0.856        0.856           0.000
       Category 2        0.144        0.144           0.000
       Univariate Pearson Chi-Square                  0.000
       Univariate Log-Likelihood Chi-Square           0.000
       Number of Significant Standardized Residuals   0
     CONDOM
       Category 1        0.743        0.743           0.000
       Category 2        0.257        0.257           0.000
       Univariate Pearson Chi-Square                  0.000
       Univariate Log-Likelihood Chi-Square           0.000
       Number of Significant Standardized Residuals   0

       Overall Univariate Pearson Chi-Square                         0.000
       Overall Univariate Log-Likelihood Chi-Square                  0.000
       Overall Number of Significant Standardized Residuals          0


     BIVARIATE MODEL FIT INFORMATION

                                              Estimated Probabilities
                                                                 Standardized
     Variable       Variable              H1           H0          Residual
                                                                  (z-score)
     PEP            LUBRIF
       Category 1     Category 1        0.419        0.414           0.236
       Category 1     Category 2        0.492        0.496          -0.233
       Category 2     Category 1        0.039        0.043          -0.574
       Category 2     Category 2        0.051        0.047           0.551
       Bivariate Pearson Chi-Square                                  0.664
       Bivariate Log-Likelihood Chi-Square                           0.667
       Number of Significant Standardized Residuals                  0
     PEP            TESTHIV
       Category 1     Category 1        0.873        0.876          -0.243
       Category 1     Category 2        0.037        0.034           0.440
       Category 2     Category 1        0.090        0.087           0.285
       Category 2     Category 2        0.000        0.003          -1.471
       Bivariate Pearson Chi-Square                                  2.426
       Bivariate Log-Likelihood Chi-Square                           4.578
       Number of Significant Standardized Residuals                  0
     PEP            PENET
       Category 1     Category 1        0.786        0.779           0.437
       Category 1     Category 2        0.124        0.131          -0.538
       Category 2     Category 1        0.070        0.077          -0.680
       Category 2     Category 2        0.019        0.013           1.627
       Bivariate Pearson Chi-Square                                  3.334
       Bivariate Log-Likelihood Chi-Square                           2.980
       Number of Significant Standardized Residuals                  0
     PEP            CONDOM
       Category 1     Category 1        0.673        0.673          -0.038
       Category 1     Category 2        0.238        0.237           0.042
       Category 2     Category 1        0.070        0.070           0.070
       Category 2     Category 2        0.019        0.020          -0.127
       Bivariate Pearson Chi-Square                                  0.022
       Bivariate Log-Likelihood Chi-Square                           0.022
       Number of Significant Standardized Residuals                  0
     LUBRIF         TESTHIV
       Category 1     Category 1        0.446        0.448          -0.103
       Category 1     Category 2        0.011        0.009           0.538
       Category 2     Category 1        0.517        0.515           0.103
       Category 2     Category 2        0.026        0.028          -0.310
       Bivariate Pearson Chi-Square                                  0.392
       Bivariate Log-Likelihood Chi-Square                           0.376
       Number of Significant Standardized Residuals                  0
     LUBRIF         PENET
       Category 1     Category 1        0.399        0.398           0.064
       Category 1     Category 2        0.058        0.059          -0.132
       Category 2     Category 1        0.457        0.458          -0.063
       Category 2     Category 2        0.086        0.084           0.112
       Bivariate Pearson Chi-Square                                  0.032
       Bivariate Log-Likelihood Chi-Square                           0.033
       Number of Significant Standardized Residuals                  0
     LUBRIF         CONDOM
       Category 1     Category 1        0.406        0.406           0.031
       Category 1     Category 2        0.051        0.052          -0.069
       Category 2     Category 1        0.337        0.338          -0.032
       Category 2     Category 2        0.206        0.205           0.038
       Bivariate Pearson Chi-Square                                  0.007
       Bivariate Log-Likelihood Chi-Square                           0.007
       Number of Significant Standardized Residuals                  0
     TESTHIV        PENET
       Category 1     Category 1        0.825        0.826          -0.075
       Category 1     Category 2        0.138        0.137           0.083
       Category 2     Category 1        0.032        0.031           0.165
       Category 2     Category 2        0.006        0.007          -0.352
       Bivariate Pearson Chi-Square                                  0.157
       Bivariate Log-Likelihood Chi-Square                           0.163
       Number of Significant Standardized Residuals                  0
     TESTHIV        CONDOM
       Category 1     Category 1        0.728        0.728           0.007
       Category 1     Category 2        0.235        0.235          -0.007
       Category 2     Category 1        0.015        0.015          -0.025
       Category 2     Category 2        0.022        0.022           0.021
       Bivariate Pearson Chi-Square                                  0.001
       Bivariate Log-Likelihood Chi-Square                           0.001
       Number of Significant Standardized Residuals                  0
     PENET          CONDOM
       Category 1     Category 1        0.645        0.647          -0.086
       Category 1     Category 2        0.211        0.210           0.101
       Category 2     Category 1        0.098        0.097           0.139
       Category 2     Category 2        0.046        0.047          -0.194
       Bivariate Pearson Chi-Square                                  0.064
       Bivariate Log-Likelihood Chi-Square                           0.064
       Number of Significant Standardized Residuals                  0

       Overall Bivariate Pearson Chi-Square                          7.100
       Overall Bivariate Log-Likelihood Chi-Square                   8.891
       Overall Number of Significant Standardized Residuals          0


     UNIVARIATE DISTRIBUTION FIT FOR CLASS 1

     Variable          Observed      Estimated      Residual (Obs.-Est.)    Stand. Residual
     PEP
       Category 1        0.922          0.922                  0.000                0.000
       Category 2        0.078          0.078                  0.000                0.000
     LUBRIF
       Category 1        0.201          0.201                  0.000                0.000
       Category 2        0.799          0.799                  0.000                0.000
     TESTHIV
       Category 1        0.914          0.914                  0.000                0.000
       Category 2        0.086          0.086                  0.000                0.000
     PENET
       Category 1        0.817          0.817                  0.000                0.000
       Category 2        0.183          0.183                  0.000                0.000
     CONDOM
       Category 1        0.341          0.341                  0.000                0.000
       Category 2        0.659          0.659                  0.000                0.000


     BIVARIATE DISTRIBUTIONS FIT FOR CLASS 1

     Variable       Variable          Observed     Estimated    Residual (Obs.-Est.)  Stand. Residual
     PEP            LUBRIF
       Category 1     Category 1        0.190       0.185             0.004            0.175
       Category 1     Category 2        0.733       0.737            -0.004           -0.154
       Category 2     Category 1        0.012       0.016            -0.004           -0.547
       Category 2     Category 2        0.066       0.062             0.004            0.281
     PEP            TESTHIV
       Category 1     Category 1        0.837       0.843            -0.007           -0.308
       Category 1     Category 2        0.086       0.079             0.007            0.415
       Category 2     Category 1        0.078       0.071             0.007            0.435
       Category 2     Category 2        0.000       0.007            -0.007           -1.376
     PEP            PENET
       Category 1     Category 1        0.762       0.753             0.009            0.359
       Category 1     Category 2        0.160       0.169            -0.009           -0.413
       Category 2     Category 1        0.054       0.064            -0.009           -0.634
       Category 2     Category 2        0.023       0.014             0.009            1.305
     PEP            CONDOM
       Category 1     Category 1        0.313       0.315            -0.002           -0.062
       Category 1     Category 2        0.609       0.607             0.002            0.059
       Category 2     Category 1        0.028       0.027             0.002            0.178
       Category 2     Category 2        0.050       0.051            -0.002           -0.130
     LUBRIF         TESTHIV
       Category 1     Category 1        0.179       0.184            -0.005           -0.197
       Category 1     Category 2        0.022       0.017             0.005            0.586
       Category 2     Category 1        0.735       0.731             0.005            0.172
       Category 2     Category 2        0.064       0.068            -0.005           -0.302
     LUBRIF         PENET
       Category 1     Category 1        0.161       0.164            -0.003           -0.130
       Category 1     Category 2        0.040       0.037             0.003            0.256
       Category 2     Category 1        0.655       0.652             0.003            0.101
       Category 2     Category 2        0.144       0.146            -0.003           -0.136
     LUBRIF         CONDOM
       Category 1     Category 1        0.070       0.069             0.001            0.096
       Category 1     Category 2        0.131       0.132            -0.001           -0.072
       Category 2     Category 1        0.271       0.273            -0.001           -0.055
       Category 2     Category 2        0.528       0.526             0.001            0.049
     TESTHIV        PENET
       Category 1     Category 1        0.742       0.747            -0.005           -0.182
       Category 1     Category 2        0.172       0.168             0.005            0.211
       Category 2     Category 1        0.075       0.070             0.005            0.310
       Category 2     Category 2        0.011       0.016            -0.005           -0.635
     TESTHIV        CONDOM
       Category 1     Category 1        0.312       0.312             0.000            0.011
       Category 1     Category 2        0.602       0.602             0.000           -0.010
       Category 2     Category 1        0.029       0.029             0.000           -0.029
       Category 2     Category 2        0.057       0.056             0.000            0.021
     PENET          CONDOM
       Category 1     Category 1        0.275       0.279            -0.004           -0.147
       Category 1     Category 2        0.542       0.538             0.004            0.132
       Category 2     Category 1        0.067       0.063             0.004            0.272
       Category 2     Category 2        0.117       0.121            -0.004           -0.202


     UNIVARIATE DISTRIBUTION FIT FOR CLASS 2

     Variable          Observed      Estimated      Residual (Obs.-Est.)    Stand. Residual
     PEP
       Category 1        0.903          0.903                  0.000                0.000
       Category 2        0.097          0.097                  0.000                0.000
     LUBRIF
       Category 1        0.621          0.621                  0.000                0.000
       Category 2        0.379          0.379                  0.000                0.000
     TESTHIV
       Category 1        0.994          0.994                  0.000                0.000
       Category 2        0.006          0.006                  0.000                0.000
     PENET
       Category 1        0.882          0.882                  0.000                0.000
       Category 2        0.118          0.118                  0.000                0.000
     CONDOM
       Category 1        1.000          1.000                  0.000               -0.006
       Category 2        0.000          0.000                  0.000                0.006


     BIVARIATE DISTRIBUTIONS FIT FOR CLASS 2

     Variable       Variable          Observed     Estimated    Residual (Obs.-Est.)  Stand. Residual
     PEP            LUBRIF
       Category 1     Category 1        0.565       0.560             0.005            0.191
       Category 1     Category 2        0.338       0.342            -0.005           -0.200
       Category 2     Category 1        0.056       0.060            -0.005           -0.397
       Category 2     Category 2        0.041       0.037             0.005            0.502
     PEP            TESTHIV
       Category 1     Category 1        0.896       0.897            -0.001           -0.043
       Category 1     Category 2        0.006       0.006             0.001            0.173
       Category 2     Category 1        0.097       0.097             0.001            0.044
       Category 2     Category 2        0.000       0.001            -0.001           -0.526
     PEP            PENET
       Category 1     Category 1        0.801       0.796             0.005            0.269
       Category 1     Category 2        0.102       0.107            -0.005           -0.352
       Category 2     Category 1        0.081       0.086            -0.005           -0.387
       Category 2     Category 2        0.017       0.012             0.005            1.017
     PEP            CONDOM
       Category 1     Category 1        0.903       0.903             0.000            0.000
       Category 1     Category 2        0.000       0.000             0.000            0.006
       Category 2     Category 1        0.097       0.097             0.000            0.000
       Category 2     Category 2        0.000       0.000             0.000            0.001
     LUBRIF         TESTHIV
       Category 1     Category 1        0.617       0.617             0.000           -0.010
       Category 1     Category 2        0.004       0.004             0.000            0.075
       Category 2     Category 1        0.377       0.377             0.000            0.010
       Category 2     Category 2        0.002       0.002             0.000           -0.096
     LUBRIF         PENET
       Category 1     Category 1        0.551       0.547             0.004            0.158
       Category 1     Category 2        0.070       0.073            -0.004           -0.301
       Category 2     Category 1        0.331       0.334            -0.004           -0.166
       Category 2     Category 2        0.049       0.045             0.004            0.379
     LUBRIF         CONDOM
       Category 1     Category 1        0.621       0.621             0.000            0.000
       Category 1     Category 2        0.000       0.000             0.000            0.004
       Category 2     Category 1        0.379       0.379             0.000            0.000
       Category 2     Category 2        0.000       0.000             0.000            0.002
     TESTHIV        PENET
       Category 1     Category 1        0.877       0.876             0.001            0.081
       Category 1     Category 2        0.116       0.117            -0.001           -0.083
       Category 2     Category 1        0.004       0.006            -0.001           -0.355
       Category 2     Category 2        0.002       0.001             0.001            0.968
     TESTHIV        CONDOM
       Category 1     Category 1        0.994       0.994             0.000            0.000
       Category 1     Category 2        0.000       0.000             0.000            0.006
       Category 2     Category 1        0.006       0.006             0.000            0.000
       Category 2     Category 2        0.000       0.000             0.000            0.000
     PENET          CONDOM
       Category 1     Category 1        0.882       0.882             0.000            0.000
       Category 1     Category 2        0.000       0.000             0.000            0.005
       Category 2     Category 1        0.118       0.118             0.000            0.000
       Category 2     Category 2        0.000       0.000             0.000            0.001


TECHNICAL 11 OUTPUT

     Random Starts Specifications for the k-1 Class Analysis Model
        Number of initial stage random starts                1000
        Number of final stage optimizations                   100



     VUONG-LO-MENDELL-RUBIN LIKELIHOOD RATIO TEST FOR 1 (H0) VERSUS 2 CLASSES

          H0 Loglikelihood Value                        -1543.618
          2 Times the Loglikelihood Difference             91.115
          Difference in the Number of Parameters                6
          Mean                                              5.735
          Standard Deviation                                4.527
          P-Value                                          0.0000

     LO-MENDELL-RUBIN ADJUSTED LRT TEST

          Value                                            88.865
          P-Value                                          0.0000


TECHNICAL 14 OUTPUT

     Random Starts Specifications for the k-1 Class Analysis Model
        Number of initial stage random starts                1000
        Number of final stage optimizations                   100

     Random Starts Specification for the k-1 Class Model for Generated Data
        Number of initial stage random starts                   0
        Number of final stage optimizations for the
           initial stage random starts                          0
     Random Starts Specification for the k Class Model for Generated Data
        Number of initial stage random starts                  40
        Number of final stage optimizations                     8
     Number of bootstrap draws requested                   Varies


     PARAMETRIC BOOTSTRAPPED LIKELIHOOD RATIO TEST FOR 1 (H0) VERSUS 2 CLASSES

          H0 Loglikelihood Value                        -1543.618
          2 Times the Loglikelihood Difference             91.115
          Difference in the Number of Parameters                6
          Approximate P-Value                              0.0000
          Successful Bootstrap Draws                            5

     WARNING:  OF THE 5 BOOTSTRAP DRAWS, 4 DRAWS HAD BOTH A SMALLER LRT VALUE THAN THE
     OBSERVED LRT VALUE AND NOT A REPLICATED BEST LOGLIKELIHOOD VALUE FOR THE 2-CLASS MODEL.
     THIS MEANS THAT THE P-VALUE MAY NOT BE TRUSTWORTHY DUE TO LOCAL MAXIMA.
     INCREASE THE NUMBER OF RANDOM STARTS USING THE LRTSTARTS OPTION.



PLOT INFORMATION

The following plots are available:

  Histograms (sample values)
  Scatterplots (sample values)
  Sample proportions and estimated probabilities

DIAGRAM INFORMATION

  Mplus diagrams are currently not available for Mixture analysis.
  No diagram output was produced.


     Beginning Time:  20:26:18
        Ending Time:  20:26:20
       Elapsed Time:  00:00:02



MUTHEN & MUTHEN
3463 Stoner Ave.
Los Angeles, CA  90066

Tel: (310) 391-9971
Fax: (310) 391-8971
Web: www.StatModel.com
Support: Support@StatModel.com

Copyright (c) 1998-2026 Muthen & Muthen
