Mplus VERSION 9.1
MUTHEN & MUTHEN
07/31/2026   9:33 PM

INPUT INSTRUCTIONS

TITLE: Model with Distal Outcomes  - Step 1

    Data- Simulated PrEP dataset
    (designed to resemble the characteristics of the original data)
    
    Note -    The simulated dataset approximates the structure
    and characteristics of the original data but does not
    reproduce the original observations. Consequently,
    parameter estimates and fit statistics will differ
    from those reported in the manuscript.


 DATA:	
     file is dataPREP-sim-v2.dat;

    VARIABLE:	
       NAMES are  pep lubrif testhiv
         	penet  condom prep;
       USEVAR ARE pep lubrif testhiv
         	penet  condom prep;
       CLASSES = c (2);
       CATEGORICAL = pep lubrif testhiv
         	penet  condom;
       AUXILIARY = prep;
       MISSING = ALL (9999);


  ANALYSIS: TYPE = MIXTURE;
            STARTS = 100 100;

  MODEL:
      %OVERALL%
      ! using start values to speed up
      ! estimation
  	! item thresholds by class

        %c#1%
         [pep$1*2.226 lubrif$1*0.493 testhiv$1*5.042
          penet$1*2.009  condom$1*15.000];


      %c#2%
         [pep$1*2.472 lubrif$1*-1.379 testhiv$1*2.369
          penet$1*1.494 condom$1*-0.658];

  SAVEDATA: FILE = PrEPdata-3STEP-sim.dat;
            SAVE = cprob;






INPUT READING TERMINATED NORMALLY



Model with Distal Outcomes  - Step 1

Data- Simulated PrEP dataset
(designed to resemble the characteristics of the original data)
    
Note -    The simulated dataset approximates the structure
and characteristics of the original data but does not
reproduce the original observations. Consequently,
parameter estimates and fit statistics will differ
from those reported in the manuscript.

SUMMARY OF ANALYSIS

Number of groups                                                 1
Number of observations                                         724

Number of dependent variables                                    5
Number of independent variables                                  0
Number of continuous latent variables                            0
Number of categorical latent variables                           1

Observed dependent variables

  Binary and ordered categorical (ordinal)
   PEP         LUBRIF      TESTHIV     PENET       CONDOM

Observed auxiliary variables
   PREP

Categorical latent variables
   C


Estimator                                                      MLR
Information matrix                                        OBSERVED
Optimization Specifications for the Quasi-Newton Algorithm for
Continuous Outcomes
  Maximum number of iterations                                 100
  Convergence criterion                                  0.100D-05
Optimization Specifications for the EM Algorithm
  Maximum number of iterations                                 500
  Convergence criteria
    Loglikelihood change                                 0.100D-06
    Relative loglikelihood change                        0.100D-06
    Derivative                                           0.100D-05
Optimization Specifications for the M step of the EM Algorithm for
Categorical Latent Variables
  Number of M step iterations                                    1
  M step convergence criterion                           0.100D-05
  Basis for M step termination                           ITERATION
Optimization Specifications for the M step of the EM Algorithm for
Censored, Binary or Ordered Categorical (Ordinal), Unordered
Categorical (Nominal) and Count Outcomes
  Number of M step iterations                                    1
  M step convergence criterion                           0.100D-05
  Basis for M step termination                           ITERATION
  Maximum value for logit thresholds                            15
  Minimum value for logit thresholds                           -15
  Minimum expected cell size for chi-square              0.100D-01
Maximum number of iterations for H1                           2000
Convergence criterion for H1                             0.100D-03
Optimization algorithm                                         EMA
Random Starts Specifications
  Number of initial stage random starts                        100
  Number of final stage optimizations                          100
  Number of initial stage iterations                            10
  Initial stage convergence criterion                    0.100D+01
  Random starts scale                                    0.500D+01
  Random seed for generating random starts                       0
Link                                                         LOGIT

Input data file(s)
  prep_sim_distal.dat
Input data format  FREE


SUMMARY OF DATA

     Number of missing data patterns             1
     Number of y missing data patterns           0
     Number of u missing data patterns           1


COVARIANCE COVERAGE OF DATA

Minimum covariance coverage value   0.100


UNIVARIATE PROPORTIONS AND COUNTS FOR CATEGORICAL VARIABLES

    PEP
      Category 1    0.910          659.000
      Category 2    0.090           65.000
    LUBRIF
      Category 1    0.457          331.000
      Category 2    0.543          393.000
    TESTHIV
      Category 1    0.963          697.000
      Category 2    0.037           27.000
    PENET
      Category 1    0.856          620.000
      Category 2    0.144          104.000
    CONDOM
      Category 1    0.743          538.000
      Category 2    0.257          186.000


RANDOM STARTS RESULTS RANKED FROM THE BEST TO THE WORST LOGLIKELIHOOD VALUES

Final stage loglikelihood values at local maxima, seeds, and initial stage start numbers:

           -1498.061  749453           33
           -1498.061  207896           25
           -1498.061  813779           92
           -1498.061  85462            51
           -1498.061  285380           1
           -1498.061  637345           19
           -1498.061  402224           91
           -1498.061  544048           87
           -1498.061  915642           40
           -1498.061  576596           99
           -1498.061  782200           84
           -1498.061  347515           24
           -1498.061  247224           94
           -1498.061  131856           90
           -1498.061  789985           67
           -1498.061  846194           93
           -1498.061  608496           4
           -1498.061  354559           73
           -1498.061  392418           28
           -1498.061  462953           7
           -1498.061  685657           69
           -1498.061  364676           27
           -1498.061  120506           45
           -1498.061  966014           37
           -1498.061  887676           22
           -1498.061  783110           72
           -1498.061  259507           53
           -1498.061  260601           36
           -1498.061  415931           10
           -1498.061  603842           61
           -1498.061  963053           43
           -1498.061  645664           39
           -1498.061  784664           75
           -1498.061  127215           9
           -1498.061  992389           77
           -1498.061  253358           2
           -1498.061  851945           18
           -1498.061  432148           30
           -1498.061  246261           38
           -1498.061  761633           50
           -1498.061  318230           46
           -1498.061  939021           8
           -1498.061  830392           35
           -1498.061  967237           48
           -1498.061  723775           97
           -1498.061  569833           85
           -1498.061  76337            76
           -1498.061  136842           58
           -1498.061  27071            15
           -1498.061  902278           21
           -1498.061  551639           55
           -1498.061  915107           54
           -1498.061  573096           20
           -1498.061  569131           26
           -1498.061  405079           68
           -1498.061  170954           86
           -1498.061  107446           12
           -1498.061  284109           82
           -1498.061  76974            16
           -1498.061  848163           47
           -1498.061  407168           44
           -1498.061  373505           88
           -1498.061  422103           62
           -1498.061  124999           96
           -1498.061  68985            17
           -1498.061  568859           49
           -1498.061  626891           32
           -1498.061  399671           13
           -1498.061  unperturbed      0
           -1498.061  467339           66
           -1498.061  696773           80
           -1498.061  804561           59
           -1498.335  153942           31
           -1498.335  481835           57
           -1498.335  754100           56
           -1498.335  391179           78
           -1498.335  268217           83
           -1498.335  443917           60
           -1498.335  227563           63
           -1498.335  650371           14
           -1498.335  372176           23
           -1498.335  957392           79
           -1498.335  565819           65
           -1498.335  352277           42
           -1498.335  341041           34
           -1498.335  195873           6
           -1508.659  987090           70
           -1539.248  475420           71

12 perturbed starting value run(s) did not converge or were rejected in the third stage.



THE BEST LOGLIKELIHOOD VALUE HAS BEEN REPLICATED.  RERUN WITH AT LEAST TWICE THE
RANDOM STARTS TO CHECK THAT THE BEST LOGLIKELIHOOD IS STILL OBTAINED AND REPLICATED.

     IN THE OPTIMIZATION, ONE OR MORE LOGIT THRESHOLDS APPROACHED EXTREME VALUES
     OF -15.000 AND 15.000 AND WERE FIXED TO STABILIZE MODEL ESTIMATION.  THESE
     VALUES IMPLY PROBABILITIES OF 0 AND 1.  IN THE MODEL RESULTS SECTION, THESE
     PARAMETERS HAVE 0 STANDARD ERRORS AND 999 IN THE Z-SCORE AND P-VALUE COLUMNS.




THE MODEL ESTIMATION TERMINATED NORMALLY



MODEL FIT INFORMATION

Number of Free Parameters                       11

Loglikelihood

          H0 Value                       -1498.061
          H0 Scaling Correction Factor      1.0266
            for MLR

Information Criteria

          Akaike (AIC)                    3018.121
          Bayesian (BIC)                  3068.554
          Sample-Size Adjusted BIC        3033.626
            (n* = (n + 2) / 24)

Chi-Square Test of Model Fit for the Binary and Ordered Categorical
(Ordinal) Outcomes

          Pearson Chi-Square

          Value                             19.269
          Degrees of Freedom                    20
          P-Value                           0.5044

          Likelihood Ratio Chi-Square

          Value                             18.043
          Degrees of Freedom                    20
          P-Value                           0.5846



FINAL CLASS COUNTS AND PROPORTIONS FOR THE LATENT CLASSES
BASED ON THE ESTIMATED MODEL

    Latent
   Classes

       1        441.63090          0.60999
       2        282.36910          0.39001


FINAL CLASS COUNTS AND PROPORTIONS FOR THE LATENT CLASSES
BASED ON ESTIMATED POSTERIOR PROBABILITIES

    Latent
   Classes

       1        441.63090          0.60999
       2        282.36910          0.39001


FINAL CLASS COUNTS AND PROPORTIONS FOR THE LATENT CLASSES
BASED ON THEIR MOST LIKELY LATENT CLASS MEMBERSHIP

Class Counts and Proportions

    Latent
   Classes

       1              529          0.73066
       2              195          0.26934


CLASSIFICATION QUALITY

     Entropy                         0.571


Average Latent Class Probabilities for Most Likely Latent Class Membership (Row)
by Latent Class (Column)

           1        2

    1   0.831    0.169
    2   0.009    0.991


Classification Probabilities for the Most Likely Latent Class Membership (Column)
by Latent Class (Row)

           1        2

    1   0.996    0.004
    2   0.316    0.684


Logits for the Classification Probabilities for the Most Likely Latent Class Membership (Column)
by Latent Class (Row)

              1        2

    1      5.511    0.000
    2     -0.774    0.000


MODEL RESULTS

                                                    Two-Tailed
                    Estimate       S.E.  Est./S.E.    P-Value

Latent Class 1

 Thresholds
    PEP$1              2.226      0.180     12.352      0.000
    LUBRIF$1           0.493      0.287      1.716      0.086
    TESTHIV$1          5.042      1.559      3.234      0.001
    PENET$1            2.009      0.227      8.855      0.000
    CONDOM$1          15.000      0.000    999.000    999.000

Latent Class 2

 Thresholds
    PEP$1              2.472      0.287      8.598      0.000
    LUBRIF$1          -1.379      0.187     -7.357      0.000
    TESTHIV$1          2.369      0.268      8.831      0.000
    PENET$1            1.494      0.189      7.923      0.000
    CONDOM$1          -0.658      0.734     -0.896      0.370

Categorical Latent Variables

 Means
    C#1                0.447      0.411      1.088      0.277


QUALITY OF NUMERICAL RESULTS

     Condition Number for the Information Matrix              0.313E-02
       (ratio of smallest to largest eigenvalue)


LATENT CLASS INDICATOR MEANS AND PROBABILITIES FOR EACH LATENT CLASS

     MEAN/PROBABILITY PROFILES FOR C
                   Latent class
                     1      2
     PEP
       Category 1  0.903  0.922
       Category 2  0.097  0.078
     LUBRIF
       Category 1  0.621  0.201
       Category 2  0.379  0.799
     TESTHIV
       Category 1  0.994  0.914
       Category 2  0.006  0.086
     PENET
       Category 1  0.882  0.817
       Category 2  0.118  0.183
     CONDOM
       Category 1  1.000  0.341
       Category 2  0.000  0.659


RESULTS IN PROBABILITY SCALE

                                                    Two-Tailed
                    Estimate       S.E.  Est./S.E.    P-Value

Latent Class 1

 PEP
    Category 1         0.903      0.016     56.956      0.000
    Category 2         0.097      0.016      6.147      0.000
 LUBRIF
    Category 1         0.621      0.068      9.177      0.000
    Category 2         0.379      0.068      5.603      0.000
 TESTHIV
    Category 1         0.994      0.010     99.893      0.000
    Category 2         0.006      0.010      0.646      0.519
 PENET
    Category 1         0.882      0.024     37.272      0.000
    Category 2         0.118      0.024      4.998      0.000
 CONDOM
    Category 1         1.000      0.000      0.000      1.000
    Category 2         0.000      0.000      0.000      1.000

Latent Class 2

 PEP
    Category 1         0.922      0.021     44.680      0.000
    Category 2         0.078      0.021      3.772      0.000
 LUBRIF
    Category 1         0.201      0.030      6.677      0.000
    Category 2         0.799      0.030     26.522      0.000
 TESTHIV
    Category 1         0.914      0.021     43.562      0.000
    Category 2         0.086      0.021      4.077      0.000
 PENET
    Category 1         0.817      0.028     28.926      0.000
    Category 2         0.183      0.028      6.495      0.000
 CONDOM
    Category 1         0.341      0.165      2.069      0.039
    Category 2         0.659      0.165      3.993      0.000


EQUALITY TESTS OF PROBABILITIES ACROSS THE LATENT CLASSES

                    Chi-Square     P-Value   Degrees of Freedom


PEP
  Overall test          0.422      0.516        1

LUBRIF
  Overall test         32.445      0.000        1

TESTHIV
  Overall test          2.900      0.089        1

PENET
  Overall test          2.211      0.137        1

CONDOM
  Overall test        455.197      0.000        1


LATENT CLASS INDICATOR ODDS RATIOS FOR THE LATENT CLASSES

                                                95% C.I.
                    Estimate       S.E.  Lower 2.5% Upper 2.5%

Latent Class 1 Compared to Latent Class 2

 PEP
    Category > 1       1.278      0.483      0.609      2.682
 LUBRIF
    Category > 1       0.154      0.051      0.081      0.293
 TESTHIV
    Category > 1       0.069      0.108      0.003      1.497
 PENET
    Category > 1       0.597      0.207      0.303      1.178
 CONDOM
    Category > 1       0.000      0.000      0.000      0.000


SAVEDATA INFORMATION


  Save file
    PrEPdata-3STEP-sim.dat

  Order and format of variables

    PEP            F10.3
    LUBRIF         F10.3
    TESTHIV        F10.3
    PENET          F10.3
    CONDOM         F10.3
    PREP           F10.3
    CPROB1         F10.3
    CPROB2         F10.3
    MLCC           F10.3

  Save file format
    9F10.3

  Save file record length    10000

  Save missing symbol        *


DIAGRAM INFORMATION

  Mplus diagrams are currently not available for Mixture analysis.
  No diagram output was produced.


     Beginning Time:  21:33:44
        Ending Time:  21:33:44
       Elapsed Time:  00:00:00



MUTHEN & MUTHEN
3463 Stoner Ave.
Los Angeles, CA  90066

Tel: (310) 391-9971
Fax: (310) 391-8971
Web: www.StatModel.com
Support: Support@StatModel.com

Copyright (c) 1998-2026 Muthen & Muthen
